// Jest Snapshot v1, https://goo.gl/fbAQLP

exports[`Inntekt API POST /uklassifisert 1`] = `
Object {
  "inntekt": Object {
    "arbeidsInntektMaaned": Array [
      1,
      2,
      3,
      4,
      5,
      6,
    ],
  },
}
`;
