// Jest Snapshot v1, https://goo.gl/fbAQLP

exports[`Inntektstabell Skal vise ny Dashboard 1`] = `
<form>
  <style
    dangerouslySetInnerHTML={
      Object {
        "__html": "
  .grid {
    grid-template-areas: \\". maaned--2017-07 maaned--2017-08 maaned--2017-09 maaned--2017-10 maaned--2017-11 maaned--2017-12 \\" \\"arbeidsgiver--1111111 inntekter--1111111--2017-07  inntekter--1111111--2017-08  inntekter--1111111--2017-09  inntekter--1111111--2017-10  inntekter--1111111--2017-11  inntekter--1111111--2017-12 \\" \\"arbeidsgiver--222222 inntekter--222222--2017-07  inntekter--222222--2017-08  inntekter--222222--2017-09  inntekter--222222--2017-10  inntekter--222222--2017-11  inntekter--222222--2017-12 \\";
",
      }
    }
  />
  <div
    className="grid"
  >
    <style
      dangerouslySetInnerHTML={
        Object {
          "__html": "
.arbeidsgiver--1111111 {
  grid-area: arbeidsgiver--1111111;
}
",
        }
      }
    />
    <div
      className="item arbeidsgiver arbeidsgiver--1111111"
    >
      <h2
        className="typo-undertittel"
      >
        Enenenenen
      </h2>
      <p
        className="typo-etikett-liten"
      >
        Org nr
      </p>
      <p
        className="typo-element"
      >
        1111111
      </p>
    </div>
    <style
      dangerouslySetInnerHTML={
        Object {
          "__html": "
.arbeidsgiver--222222 {
  grid-area: arbeidsgiver--222222;
}
",
        }
      }
    />
    <div
      className="item arbeidsgiver arbeidsgiver--222222"
    >
      <h2
        className="typo-undertittel"
      >
        Totototo
      </h2>
      <p
        className="typo-etikett-liten"
      >
        Org nr
      </p>
      <p
        className="typo-element"
      >
        222222
      </p>
    </div>
    <style
      dangerouslySetInnerHTML={
        Object {
          "__html": "
.maaned--2017-07 {
  grid-area: maaned--2017-07;
}
",
        }
      }
    />
    <div
      className="item maaned maaned--2017-07"
    >
      juli 2017
    </div>
    <style
      dangerouslySetInnerHTML={
        Object {
          "__html": "
.inntekter--1111111--2017-07 {
  grid-area: inntekter--1111111--2017-07;
}
",
        }
      }
    />
    <div
      className="item inntekter inntekter--1111111--2017-07"
    >
      <div
        className="ekspanderbartPanel ekspanderbartPanel--lukket"
      >
        <button
          aria-expanded={false}
          className="ekspanderbartPanel__hode"
          onClick={[Function]}
          onKeyDown={[Function]}
          type="button"
        >
          <div
            className="ekspanderbartPanel__flex-wrapper"
          >
            <span
              className="typo-ingress ekspanderbartPanel__heading"
            >
              kr 89 743,60
            </span>
            <span
              className="ekspanderbartPanel__indikator"
            />
          </div>
        </button>
      </div>
    </div>
    <style
      dangerouslySetInnerHTML={
        Object {
          "__html": "
.inntekter--222222--2017-07 {
  grid-area: inntekter--222222--2017-07;
}
",
        }
      }
    />
    <div
      className="item inntekter inntekter--222222--2017-07"
    >
      <div
        className="ekspanderbartPanel ekspanderbartPanel--lukket"
      >
        <button
          aria-expanded={false}
          className="ekspanderbartPanel__hode"
          onClick={[Function]}
          onKeyDown={[Function]}
          type="button"
        >
          <div
            className="ekspanderbartPanel__flex-wrapper"
          >
            <span
              className="typo-ingress ekspanderbartPanel__heading"
            >
              kr 6 410,26
            </span>
            <span
              className="ekspanderbartPanel__indikator"
            />
          </div>
        </button>
      </div>
    </div>
    <style
      dangerouslySetInnerHTML={
        Object {
          "__html": "
.maaned--2017-08 {
  grid-area: maaned--2017-08;
}
",
        }
      }
    />
    <div
      className="item maaned maaned--2017-08"
    >
      august 2017
    </div>
    <style
      dangerouslySetInnerHTML={
        Object {
          "__html": "
.inntekter--1111111--2017-08 {
  grid-area: inntekter--1111111--2017-08;
}
",
        }
      }
    />
    <div
      className="item inntekter inntekter--1111111--2017-08"
    >
      <div
        className="ekspanderbartPanel ekspanderbartPanel--lukket"
      >
        <button
          aria-expanded={false}
          className="ekspanderbartPanel__hode"
          onClick={[Function]}
          onKeyDown={[Function]}
          type="button"
        >
          <div
            className="ekspanderbartPanel__flex-wrapper"
          >
            <span
              className="typo-ingress ekspanderbartPanel__heading"
            >
              kr 0,00
            </span>
            <span
              className="ekspanderbartPanel__indikator"
            />
          </div>
        </button>
      </div>
    </div>
    <style
      dangerouslySetInnerHTML={
        Object {
          "__html": "
.inntekter--222222--2017-08 {
  grid-area: inntekter--222222--2017-08;
}
",
        }
      }
    />
    <div
      className="item inntekter inntekter--222222--2017-08"
    >
      <div
        className="ekspanderbartPanel ekspanderbartPanel--lukket"
      >
        <button
          aria-expanded={false}
          className="ekspanderbartPanel__hode"
          onClick={[Function]}
          onKeyDown={[Function]}
          type="button"
        >
          <div
            className="ekspanderbartPanel__flex-wrapper"
          >
            <span
              className="typo-ingress ekspanderbartPanel__heading"
            >
              kr 0,00
            </span>
            <span
              className="ekspanderbartPanel__indikator"
            />
          </div>
        </button>
      </div>
    </div>
    <style
      dangerouslySetInnerHTML={
        Object {
          "__html": "
.maaned--2017-09 {
  grid-area: maaned--2017-09;
}
",
        }
      }
    />
    <div
      className="item maaned maaned--2017-09"
    >
      september 2017
    </div>
    <style
      dangerouslySetInnerHTML={
        Object {
          "__html": "
.inntekter--1111111--2017-09 {
  grid-area: inntekter--1111111--2017-09;
}
",
        }
      }
    />
    <div
      className="item inntekter inntekter--1111111--2017-09"
    >
      <div
        className="ekspanderbartPanel ekspanderbartPanel--lukket"
      >
        <button
          aria-expanded={false}
          className="ekspanderbartPanel__hode"
          onClick={[Function]}
          onKeyDown={[Function]}
          type="button"
        >
          <div
            className="ekspanderbartPanel__flex-wrapper"
          >
            <span
              className="typo-ingress ekspanderbartPanel__heading"
            >
              kr 54 194,06
            </span>
            <span
              className="ekspanderbartPanel__indikator"
            />
          </div>
        </button>
      </div>
    </div>
    <style
      dangerouslySetInnerHTML={
        Object {
          "__html": "
.inntekter--222222--2017-09 {
  grid-area: inntekter--222222--2017-09;
}
",
        }
      }
    />
    <div
      className="item inntekter inntekter--222222--2017-09"
    >
      <div
        className="ekspanderbartPanel ekspanderbartPanel--lukket"
      >
        <button
          aria-expanded={false}
          className="ekspanderbartPanel__hode"
          onClick={[Function]}
          onKeyDown={[Function]}
          type="button"
        >
          <div
            className="ekspanderbartPanel__flex-wrapper"
          >
            <span
              className="typo-ingress ekspanderbartPanel__heading"
            >
              kr 54 194,06
            </span>
            <span
              className="ekspanderbartPanel__indikator"
            />
          </div>
        </button>
      </div>
    </div>
    <style
      dangerouslySetInnerHTML={
        Object {
          "__html": "
.maaned--2017-10 {
  grid-area: maaned--2017-10;
}
",
        }
      }
    />
    <div
      className="item maaned maaned--2017-10"
    >
      oktober 2017
    </div>
    <style
      dangerouslySetInnerHTML={
        Object {
          "__html": "
.inntekter--1111111--2017-10 {
  grid-area: inntekter--1111111--2017-10;
}
",
        }
      }
    />
    <div
      className="item inntekter inntekter--1111111--2017-10"
    >
      <div
        className="ekspanderbartPanel ekspanderbartPanel--lukket"
      >
        <button
          aria-expanded={false}
          className="ekspanderbartPanel__hode"
          onClick={[Function]}
          onKeyDown={[Function]}
          type="button"
        >
          <div
            className="ekspanderbartPanel__flex-wrapper"
          >
            <span
              className="typo-ingress ekspanderbartPanel__heading"
            >
              kr 36 886,20
            </span>
            <span
              className="ekspanderbartPanel__indikator"
            />
          </div>
        </button>
      </div>
    </div>
    <style
      dangerouslySetInnerHTML={
        Object {
          "__html": "
.inntekter--222222--2017-10 {
  grid-area: inntekter--222222--2017-10;
}
",
        }
      }
    />
    <div
      className="item inntekter inntekter--222222--2017-10"
    >
      <div
        className="ekspanderbartPanel ekspanderbartPanel--lukket"
      >
        <button
          aria-expanded={false}
          className="ekspanderbartPanel__hode"
          onClick={[Function]}
          onKeyDown={[Function]}
          type="button"
        >
          <div
            className="ekspanderbartPanel__flex-wrapper"
          >
            <span
              className="typo-ingress ekspanderbartPanel__heading"
            >
              kr 36 886,20
            </span>
            <span
              className="ekspanderbartPanel__indikator"
            />
          </div>
        </button>
      </div>
    </div>
    <style
      dangerouslySetInnerHTML={
        Object {
          "__html": "
.maaned--2017-11 {
  grid-area: maaned--2017-11;
}
",
        }
      }
    />
    <div
      className="item maaned maaned--2017-11"
    >
      november 2017
    </div>
    <style
      dangerouslySetInnerHTML={
        Object {
          "__html": "
.inntekter--1111111--2017-11 {
  grid-area: inntekter--1111111--2017-11;
}
",
        }
      }
    />
    <div
      className="item inntekter inntekter--1111111--2017-11"
    >
      <div
        className="ekspanderbartPanel ekspanderbartPanel--lukket"
      >
        <button
          aria-expanded={false}
          className="ekspanderbartPanel__hode"
          onClick={[Function]}
          onKeyDown={[Function]}
          type="button"
        >
          <div
            className="ekspanderbartPanel__flex-wrapper"
          >
            <span
              className="typo-ingress ekspanderbartPanel__heading"
            >
              kr 79 879,40
            </span>
            <span
              className="ekspanderbartPanel__indikator"
            />
          </div>
        </button>
      </div>
    </div>
    <style
      dangerouslySetInnerHTML={
        Object {
          "__html": "
.inntekter--222222--2017-11 {
  grid-area: inntekter--222222--2017-11;
}
",
        }
      }
    />
    <div
      className="item inntekter inntekter--222222--2017-11"
    >
      <div
        className="ekspanderbartPanel ekspanderbartPanel--lukket"
      >
        <button
          aria-expanded={false}
          className="ekspanderbartPanel__hode"
          onClick={[Function]}
          onKeyDown={[Function]}
          type="button"
        >
          <div
            className="ekspanderbartPanel__flex-wrapper"
          >
            <span
              className="typo-ingress ekspanderbartPanel__heading"
            >
              kr 0,00
            </span>
            <span
              className="ekspanderbartPanel__indikator"
            />
          </div>
        </button>
      </div>
    </div>
    <style
      dangerouslySetInnerHTML={
        Object {
          "__html": "
.maaned--2017-12 {
  grid-area: maaned--2017-12;
}
",
        }
      }
    />
    <div
      className="item maaned maaned--2017-12"
    >
      desember 2017
    </div>
    <style
      dangerouslySetInnerHTML={
        Object {
          "__html": "
.inntekter--1111111--2017-12 {
  grid-area: inntekter--1111111--2017-12;
}
",
        }
      }
    />
    <div
      className="item inntekter inntekter--1111111--2017-12"
    >
      <div
        className="ekspanderbartPanel ekspanderbartPanel--lukket"
      >
        <button
          aria-expanded={false}
          className="ekspanderbartPanel__hode"
          onClick={[Function]}
          onKeyDown={[Function]}
          type="button"
        >
          <div
            className="ekspanderbartPanel__flex-wrapper"
          >
            <span
              className="typo-ingress ekspanderbartPanel__heading"
            >
              kr 45 569,00
            </span>
            <span
              className="ekspanderbartPanel__indikator"
            />
          </div>
        </button>
      </div>
    </div>
    <style
      dangerouslySetInnerHTML={
        Object {
          "__html": "
.inntekter--222222--2017-12 {
  grid-area: inntekter--222222--2017-12;
}
",
        }
      }
    />
    <div
      className="item inntekter inntekter--222222--2017-12"
    >
      <div
        className="ekspanderbartPanel ekspanderbartPanel--lukket"
      >
        <button
          aria-expanded={false}
          className="ekspanderbartPanel__hode"
          onClick={[Function]}
          onKeyDown={[Function]}
          type="button"
        >
          <div
            className="ekspanderbartPanel__flex-wrapper"
          >
            <span
              className="typo-ingress ekspanderbartPanel__heading"
            >
              kr 45 569,00
            </span>
            <span
              className="ekspanderbartPanel__indikator"
            />
          </div>
        </button>
      </div>
    </div>
  </div>
  <div
    className="flex knapprad"
  >
    <div
      className="leggtilarbeidsgiver"
    >
      <button
        className="knapp knapp--standard knapp--mini"
        disabled={false}
        onClick={[Function]}
        type="button"
      >
        Legg til arbeidsgiver
      </button>
    </div>
    <div
      className="leggtilmaaned"
    >
      <button
        className="knapp knapp--standard knapp--mini"
        disabled={false}
        onClick={[Function]}
        type="button"
      >
        Legg til måned
      </button>
    </div>
    <div
      className="flexend"
    >
      <button
        className="knapp knapp--hoved knapp--disabled"
        disabled={true}
        type="submit"
      >
        Bekreft og lagre
      </button>
    </div>
  </div>
  <div
    style={
      Object {
        "margin": "1rem 0",
      }
    }
  >
    <pre
      style={
        Object {
          "background": "#f6f8fa",
          "fontFamily": "monospace",
          "fontSize": "0.85rem",
          "padding": "0.5rem",
        }
      }
    >
      <strong>
        props
      </strong>
       
      =
       
      {
  "inntektId": {
    "id": "01D8G6FS9QGRT3JKBTA5KEE64C"
  },
  "inntekt": {
    "arbeidsInntektMaaned": [
      {
        "aarMaaned": "2017-07",
        "arbeidsInntektInformasjon": {
          "inntektListe": [
            {
              "inntektType": "LOENNSINNTEKT",
              "header": "Total lønnsinntekt",
              "beloep": "6410.26",
              "fordel": "kontantytelse",
              "inntektskilde": "A-ordningen",
              "inntektsperiodetype": "Maaned",
              "inntektsstatus": "LoependeInnrapportert",
              "leveringstidspunkt": "2019-02",
              "utbetaltIMaaned": "2017-09",
              "opplysningspliktig": {
                "identifikator": "1111111",
                "aktoerType": "ORGANISASJON"
              },
              "virksomhet": {
                "identifikator": "222222",
                "navn": "Totototo",
                "aktoerType": "ORGANISASJON"
              },
              "inntektsmottaker": {
                "identifikator": "99999999999",
                "aktoerType": "NATURLIG_IDENT"
              },
              "inngaarIGrunnlagForTrekk": true,
              "utloeserArbeidsgiveravgift": true,
              "informasjonsstatus": "InngaarAlltid",
              "verdikode": "Fastlønn",
              "beskrivelse": "Total lønnsinntekt"
            },
            {
              "inntektType": "LOENNSINNTEKT",
              "header": "Kontaktytelse",
              "beloep": "41666.67",
              "fordel": "kontantytelse",
              "inntektskilde": "A-ordningen",
              "inntektsperiodetype": "Maaned",
              "inntektsstatus": "LoependeInnrapportert",
              "leveringstidspunkt": "2019-02",
              "utbetaltIMaaned": "2017-09",
              "opplysningspliktig": {
                "identifikator": "1111111",
                "aktoerType": "ORGANISASJON"
              },
              "virksomhet": {
                "identifikator": "1111111",
                "navn": "Enenenenen",
                "aktoerType": "ORGANISASJON"
              },
              "inntektsmottaker": {
                "identifikator": "99999999999",
                "aktoerType": "NATURLIG_IDENT"
              },
              "inngaarIGrunnlagForTrekk": true,
              "utloeserArbeidsgiveravgift": true,
              "informasjonsstatus": "InngaarAlltid",
              "verdikode": "Fastlønn",
              "beskrivelse": "Fastlønn"
            },
            {
              "inntektType": "LOENNSINNTEKT",
              "beloep": "48076.93",
              "fordel": "kontantytelse",
              "inntektskilde": "A-ordningen",
              "inntektsperiodetype": "Maaned",
              "inntektsstatus": "LoependeInnrapportert",
              "leveringstidspunkt": "2019-02",
              "utbetaltIMaaned": "2017-09",
              "opplysningspliktig": {
                "identifikator": "1111111",
                "aktoerType": "ORGANISASJON"
              },
              "virksomhet": {
                "identifikator": "1111111",
                "navn": "Enenenenen",
                "aktoerType": "ORGANISASJON"
              },
              "inntektsmottaker": {
                "identifikator": "99999999999",
                "aktoerType": "NATURLIG_IDENT"
              },
              "inngaarIGrunnlagForTrekk": true,
              "utloeserArbeidsgiveravgift": true,
              "informasjonsstatus": "InngaarAlltid",
              "verdikode": "Fastlønn",
              "beskrivelse": "Trekk i lønn for ferie"
            }
          ]
        }
      },
      {
        "aarMaaned": "2017-08",
        "arbeidsInntektInformasjon": {
          "inntektListe": [
            {
              "inntektType": "LOENNSINNTEKT",
              "header": "Total lønnsinntekt",
              "beloep": "0.00",
              "fordel": "kontantytelse",
              "inntektskilde": "A-ordningen",
              "inntektsperiodetype": "Maaned",
              "inntektsstatus": "LoependeInnrapportert",
              "leveringstidspunkt": "2019-02",
              "utbetaltIMaaned": "2018-03",
              "opplysningspliktig": {
                "identifikator": "1111111",
                "aktoerType": "ORGANISASJON"
              },
              "virksomhet": {
                "identifikator": "222222",
                "navn": "Totototo",
                "aktoerType": "ORGANISASJON"
              },
              "inntektsmottaker": {
                "identifikator": "99999999999",
                "aktoerType": "NATURLIG_IDENT"
              },
              "inngaarIGrunnlagForTrekk": true,
              "utloeserArbeidsgiveravgift": true,
              "informasjonsstatus": "InngaarAlltid",
              "verdikode": "Fastlønn",
              "beskrivelse": "Total lønnsinntekt"
            }
          ]
        }
      },
      {
        "aarMaaned": "2017-09",
        "arbeidsInntektInformasjon": {
          "inntektListe": [
            {
              "inntektType": "LOENNSINNTEKT",
              "header": "Total lønnsinntekt",
              "beloep": "54194.06",
              "fordel": "kontantytelse",
              "inntektskilde": "A-ordningen",
              "inntektsperiodetype": "Maaned",
              "inntektsstatus": "LoependeInnrapportert",
              "leveringstidspunkt": "2019-02",
              "utbetaltIMaaned": "2017-08",
              "opplysningspliktig": {
                "identifikator": "1111111",
                "aktoerType": "ORGANISASJON"
              },
              "virksomhet": {
                "identifikator": "222222",
                "navn": "Totototo",
                "aktoerType": "ORGANISASJON"
              },
              "inntektsmottaker": {
                "identifikator": "99999999999",
                "aktoerType": "NATURLIG_IDENT"
              },
              "inngaarIGrunnlagForTrekk": true,
              "utloeserArbeidsgiveravgift": true,
              "informasjonsstatus": "InngaarAlltid",
              "verdikode": "Fastlønn",
              "beskrivelse": "Total lønnsinntekt"
            },
            {
              "inntektType": "LOENNSINNTEKT",
              "header": "Kontaktytelse",
              "beloep": "48076.26",
              "fordel": "kontantytelse",
              "inntektskilde": "A-ordningen",
              "inntektsperiodetype": "Maaned",
              "inntektsstatus": "LoependeInnrapportert",
              "leveringstidspunkt": "2019-02",
              "utbetaltIMaaned": "2017-08",
              "opplysningspliktig": {
                "identifikator": "1111111",
                "aktoerType": "ORGANISASJON"
              },
              "virksomhet": {
                "identifikator": "1111111",
                "navn": "Enenenenen",
                "aktoerType": "ORGANISASJON"
              },
              "inntektsmottaker": {
                "identifikator": "99999999999",
                "aktoerType": "NATURLIG_IDENT"
              },
              "inngaarIGrunnlagForTrekk": true,
              "utloeserArbeidsgiveravgift": true,
              "informasjonsstatus": "InngaarAlltid",
              "verdikode": "Fastlønn",
              "beskrivelse": "Fastlønn"
            },
            {
              "inntektType": "LOENNSINNTEKT",
              "beloep": "52.00",
              "fordel": "kontantytelse",
              "inntektskilde": "A-ordningen",
              "inntektsperiodetype": "Maaned",
              "inntektsstatus": "LoependeInnrapportert",
              "leveringstidspunkt": "2019-02",
              "utbetaltIMaaned": "2017-08",
              "opplysningspliktig": {
                "identifikator": "1111111",
                "aktoerType": "ORGANISASJON"
              },
              "virksomhet": {
                "identifikator": "1111111",
                "navn": "Enenenenen",
                "aktoerType": "ORGANISASJON"
              },
              "inntektsmottaker": {
                "identifikator": "99999999999",
                "aktoerType": "NATURLIG_IDENT"
              },
              "inngaarIGrunnlagForTrekk": true,
              "utloeserArbeidsgiveravgift": true,
              "informasjonsstatus": "InngaarAlltid",
              "verdikode": "Fastlønn",
              "beskrivelse": "Overtidsgodtgjørelse"
            },
            {
              "inntektType": "LOENNSINNTEKT",
              "beloep": "6065.80",
              "fordel": "kontantytelse",
              "inntektskilde": "A-ordningen",
              "inntektsperiodetype": "Maaned",
              "inntektsstatus": "LoependeInnrapportert",
              "leveringstidspunkt": "2019-02",
              "utbetaltIMaaned": "2017-08",
              "opplysningspliktig": {
                "identifikator": "1111111",
                "aktoerType": "ORGANISASJON"
              },
              "virksomhet": {
                "identifikator": "1111111",
                "navn": "Enenenenen",
                "aktoerType": "ORGANISASJON"
              },
              "inntektsmottaker": {
                "identifikator": "99999999999",
                "aktoerType": "NATURLIG_IDENT"
              },
              "inngaarIGrunnlagForTrekk": true,
              "utloeserArbeidsgiveravgift": true,
              "informasjonsstatus": "InngaarAlltid",
              "verdikode": "Fastlønn",
              "beskrivelse": "Timelønn"
            }
          ]
        }
      },
      {
        "aarMaaned": "2017-10",
        "arbeidsInntektInformasjon": {
          "inntektListe": [
            {
              "inntektType": "LOENNSINNTEKT",
              "header": "Total lønnsinntekt",
              "beloep": "36886.20",
              "fordel": "kontantytelse",
              "inntektskilde": "A-ordningen",
              "inntektsperiodetype": "Maaned",
              "inntektsstatus": "LoependeInnrapportert",
              "leveringstidspunkt": "2019-02",
              "utbetaltIMaaned": "2018-04",
              "opplysningspliktig": {
                "identifikator": "1111111",
                "aktoerType": "ORGANISASJON"
              },
              "virksomhet": {
                "identifikator": "222222",
                "navn": "Totototo",
                "aktoerType": "ORGANISASJON"
              },
              "tilleggsinformasjon": {
                "kategori": "Nettoloennsordning"
              },
              "inntektsmottaker": {
                "identifikator": "99999999999",
                "aktoerType": "NATURLIG_IDENT"
              },
              "inngaarIGrunnlagForTrekk": true,
              "utloeserArbeidsgiveravgift": true,
              "informasjonsstatus": "InngaarAlltid",
              "verdikode": "Fastlønn",
              "beskrivelse": "Total lønnsinntekt"
            },
            {
              "inntektType": "LOENNSINNTEKT",
              "header": "Kontaktytelse",
              "beloep": "312.00",
              "fordel": "kontantytelse",
              "inntektskilde": "A-ordningen",
              "inntektsperiodetype": "Maaned",
              "inntektsstatus": "LoependeInnrapportert",
              "leveringstidspunkt": "2019-02",
              "utbetaltIMaaned": "2017-08",
              "opplysningspliktig": {
                "identifikator": "1111111",
                "aktoerType": "ORGANISASJON"
              },
              "virksomhet": {
                "identifikator": "1111111",
                "navn": "Enenenenen",
                "aktoerType": "ORGANISASJON"
              },
              "inntektsmottaker": {
                "identifikator": "99999999999",
                "aktoerType": "NATURLIG_IDENT"
              },
              "inngaarIGrunnlagForTrekk": true,
              "utloeserArbeidsgiveravgift": true,
              "informasjonsstatus": "InngaarAlltid",
              "verdikode": "Fastlønn",
              "beskrivelse": "Overtidsgodtgjørelse"
            },
            {
              "inntektType": "LOENNSINNTEKT",
              "beloep": "36574.20",
              "fordel": "kontantytelse",
              "inntektskilde": "A-ordningen",
              "inntektsperiodetype": "Maaned",
              "inntektsstatus": "LoependeInnrapportert",
              "leveringstidspunkt": "2019-02",
              "utbetaltIMaaned": "2017-08",
              "opplysningspliktig": {
                "identifikator": "1111111",
                "aktoerType": "ORGANISASJON"
              },
              "virksomhet": {
                "identifikator": "1111111",
                "navn": "Enenenenen",
                "aktoerType": "ORGANISASJON"
              },
              "inntektsmottaker": {
                "identifikator": "99999999999",
                "aktoerType": "NATURLIG_IDENT"
              },
              "inngaarIGrunnlagForTrekk": true,
              "utloeserArbeidsgiveravgift": true,
              "informasjonsstatus": "InngaarAlltid",
              "verdikode": "Fastlønn",
              "beskrivelse": "Timelønn"
            }
          ]
        }
      },
      {
        "aarMaaned": "2017-11",
        "arbeidsInntektInformasjon": {
          "inntektListe": [
            {
              "inntektType": "LOENNSINNTEKT",
              "header": "Total lønnsinntekt",
              "beloep": "39941.20",
              "fordel": "kontantytelse",
              "inntektskilde": "A-ordningen",
              "inntektsperiodetype": "Maaned",
              "inntektsstatus": "LoependeInnrapportert",
              "leveringstidspunkt": "2019-02",
              "utbetaltIMaaned": "2018-03",
              "opplysningspliktig": {
                "identifikator": "1111111",
                "aktoerType": "ORGANISASJON"
              },
              "virksomhet": {
                "identifikator": "1111111",
                "navn": "Enenenenen",
                "aktoerType": "ORGANISASJON"
              },
              "inntektsmottaker": {
                "identifikator": "99999999999",
                "aktoerType": "NATURLIG_IDENT"
              },
              "inngaarIGrunnlagForTrekk": true,
              "utloeserArbeidsgiveravgift": true,
              "informasjonsstatus": "InngaarAlltid",
              "verdikode": "Fastlønn",
              "beskrivelse": "Total lønnsinntekt"
            },
            {
              "inntektType": "LOENNSINNTEKT",
              "header": "Kontantytelse",
              "beloep": "182.00",
              "fordel": "kontantytelse",
              "inntektskilde": "A-ordningen",
              "inntektsperiodetype": "Maaned",
              "inntektsstatus": "LoependeInnrapportert",
              "leveringstidspunkt": "2019-02",
              "utbetaltIMaaned": "2018-03",
              "opplysningspliktig": {
                "identifikator": "1111111",
                "aktoerType": "ORGANISASJON"
              },
              "virksomhet": {
                "identifikator": "1111111",
                "navn": "Enenenenen",
                "aktoerType": "ORGANISASJON"
              },
              "inntektsmottaker": {
                "identifikator": "99999999999",
                "aktoerType": "NATURLIG_IDENT"
              },
              "inngaarIGrunnlagForTrekk": true,
              "utloeserArbeidsgiveravgift": true,
              "informasjonsstatus": "InngaarAlltid",
              "verdikode": "Fastlønn",
              "beskrivelse": "Overtidsgodtgjørelse"
            },
            {
              "inntektType": "LOENNSINNTEKT",
              "beloep": "39756.20",
              "fordel": "kontantytelse",
              "inntektskilde": "A-ordningen",
              "inntektsperiodetype": "Maaned",
              "inntektsstatus": "LoependeInnrapportert",
              "leveringstidspunkt": "2019-02",
              "utbetaltIMaaned": "2018-03",
              "opplysningspliktig": {
                "identifikator": "1111111",
                "aktoerType": "ORGANISASJON"
              },
              "virksomhet": {
                "identifikator": "1111111",
                "navn": "Enenenenen",
                "aktoerType": "ORGANISASJON"
              },
              "inntektsmottaker": {
                "identifikator": "99999999999",
                "aktoerType": "NATURLIG_IDENT"
              },
              "inngaarIGrunnlagForTrekk": true,
              "utloeserArbeidsgiveravgift": true,
              "informasjonsstatus": "InngaarAlltid",
              "verdikode": "Fastlønn",
              "beskrivelse": "Timelønn"
            }
          ]
        }
      },
      {
        "aarMaaned": "2017-12",
        "arbeidsInntektInformasjon": {
          "inntektListe": [
            {
              "inntektType": "LOENNSINNTEKT",
              "header": "Total lønnsinntekt",
              "beloep": "45569.00",
              "fordel": "kontantytelse",
              "inntektskilde": "A-ordningen",
              "inntektsperiodetype": "Maaned",
              "inntektsstatus": "LoependeInnrapportert",
              "leveringstidspunkt": "2019-02",
              "utbetaltIMaaned": "2018-04",
              "opplysningspliktig": {
                "identifikator": "1111111",
                "aktoerType": "ORGANISASJON"
              },
              "virksomhet": {
                "identifikator": "222222",
                "navn": "Totototo",
                "aktoerType": "ORGANISASJON"
              },
              "tilleggsinformasjon": {
                "kategori": "Nettoloennsordning"
              },
              "inntektsmottaker": {
                "identifikator": "99999999999",
                "aktoerType": "NATURLIG_IDENT"
              },
              "inngaarIGrunnlagForTrekk": true,
              "utloeserArbeidsgiveravgift": true,
              "informasjonsstatus": "InngaarAlltid",
              "verdikode": "Fastlønn",
              "beskrivelse": "Total lønnsinntekt"
            },
            {
              "inntektType": "LOENNSINNTEKT",
              "header": "Kontaktytelse",
              "beloep": "44665.00",
              "fordel": "kontantytelse",
              "inntektskilde": "A-ordningen",
              "inntektsperiodetype": "Maaned",
              "inntektsstatus": "LoependeInnrapportert",
              "leveringstidspunkt": "2019-02",
              "utbetaltIMaaned": "2017-08",
              "opplysningspliktig": {
                "identifikator": "1111111",
                "aktoerType": "ORGANISASJON"
              },
              "virksomhet": {
                "identifikator": "1111111",
                "navn": "Enenenenen",
                "aktoerType": "ORGANISASJON"
              },
              "inntektsmottaker": {
                "identifikator": "99999999999",
                "aktoerType": "NATURLIG_IDENT"
              },
              "inngaarIGrunnlagForTrekk": true,
              "utloeserArbeidsgiveravgift": true,
              "informasjonsstatus": "InngaarAlltid",
              "verdikode": "Fastlønn",
              "beskrivelse": "Fastlønn"
            },
            {
              "inntektType": "LOENNSINNTEKT",
              "header": "Naturalytelse",
              "beloep": "366.00",
              "fordel": "kontantytelse",
              "inntektskilde": "A-ordningen",
              "inntektsperiodetype": "Maaned",
              "inntektsstatus": "LoependeInnrapportert",
              "leveringstidspunkt": "2019-02",
              "utbetaltIMaaned": "2017-08",
              "opplysningspliktig": {
                "identifikator": "1111111",
                "aktoerType": "ORGANISASJON"
              },
              "virksomhet": {
                "identifikator": "1111111",
                "navn": "Enenenenen",
                "aktoerType": "ORGANISASJON"
              },
              "inntektsmottaker": {
                "identifikator": "99999999999",
                "aktoerType": "NATURLIG_IDENT"
              },
              "inngaarIGrunnlagForTrekk": true,
              "utloeserArbeidsgiveravgift": true,
              "informasjonsstatus": "InngaarAlltid",
              "verdikode": "Fastlønn",
              "beskrivelse": "Elektronisk kommunikasjon"
            },
            {
              "inntektType": "LOENNSINNTEKT",
              "beloep": "538.00",
              "fordel": "kontantytelse",
              "inntektskilde": "A-ordningen",
              "inntektsperiodetype": "Maaned",
              "inntektsstatus": "LoependeInnrapportert",
              "leveringstidspunkt": "2019-02",
              "utbetaltIMaaned": "2017-08",
              "opplysningspliktig": {
                "identifikator": "1111111",
                "aktoerType": "ORGANISASJON"
              },
              "virksomhet": {
                "identifikator": "1111111",
                "navn": "Enenenenen",
                "aktoerType": "ORGANISASJON"
              },
              "inntektsmottaker": {
                "identifikator": "99999999999",
                "aktoerType": "NATURLIG_IDENT"
              },
              "inngaarIGrunnlagForTrekk": true,
              "utloeserArbeidsgiveravgift": true,
              "informasjonsstatus": "InngaarAlltid",
              "verdikode": "Fastlønn",
              "beskrivelse": "Skattepliktig del av visse typer forsikring"
            }
          ]
        }
      }
    ],
    "ident": {
      "identifikator": "99999999999",
      "aktoerType": "NATURLIG_IDENT"
    }
  },
  "arbeidsgivere": [
    {
      "identifikator": "1111111",
      "navn": "Enenenenen",
      "aktoerType": "ORGANISASJON"
    },
    {
      "identifikator": "222222",
      "navn": "Totototo",
      "aktoerType": "ORGANISASJON"
    }
  ]
}
    </pre>
  </div>
</form>
`;
